---
source: src/scu/wdt.rs
assertion_line: 210
expression: report.take_log()
---
r    0xF00362A8 04 0x00000003
w    0xF00362A8 04 0x000000FD
w    0xF00362A8 04 0x000000FF
