---
source: tests/gpio.rs
expression: report.take_log()
---
r    0xF003A024 04 0x00000000
r    0xF003A024 04 0x00000080

