---
source: tests/gpio.rs
expression: report.get_log()
---
w    0xF003A004 04 0x00200000
ldms 0xF003A014 0x0000FF00 0x00008000
w    0xF003A104 04 0x00800000
ldms 0xF003A114 0xFF000000 0x80000000
w    0xF003A004 04 0x00000020
w    0xF003A104 04 0x00000080

